// Jest Snapshot v1, https://goo.gl/fbAQLP

exports[`App component test renders App 1`] = `
<Fragment>
  <ColorPicker />
</Fragment>
`;
